C51 COMPILER V9.01   FLASH                                                                 07/17/2017 20:56:11 PAGE 1   


C51 COMPILER V9.01, COMPILATION OF MODULE FLASH
OBJECT MODULE PLACED IN flash.obj
COMPILER INVOKED BY: F:\Program Files\Keil\C51\BIN\C51.EXE code\flash\flash.c BROWSE INCDIR(.\code\key;.\code\logic;.\co
                    -de\timer;.\code\driver;.\code\led;.\code\common;.\code\flash;.\code\remote) DEBUG OBJECTEXTEND PRINT(.\flash.lst) OBJECT
                    -(flash.obj)

line level    source

   1          #include "flash.h"
   2          #include <stdio.h>
   3          #include "N76E003.h"
   4          #include "typedef.h"
   5          
   6          #define PAGE_ERASE_AP  (0X22)
   7          #define BYTE_PROGRAM_AP (0x21)
   8          uint8_t xdata flash_data[FLASH_MAX_LEN] = {0xff};
   9          
  10          static void flashEnableAprom(void)
  11          {
  12   1              TA = 0xAA; //CHPCON is TA protected
  13   1              TA = 0x55;
  14   1              CHPCON |= 0x01; //IAPEN = 1, enable IAP mode
  15   1              TA = 0xAA; //IAPUEN is TA protected
  16   1              TA = 0x55;
  17   1              IAPUEN |= 0x01; //APUEN = 1, enable APROM update
  18   1      }
  19          
  20          
  21          static void flashErase(void)
  22          {
  23   1              IAPCN = PAGE_ERASE_AP; //Erase page 
  24   1              IAPAH = FLASH_START_ADDR_H;
  25   1              IAPAL = FLASH_START_ADDR_L;
  26   1              IAPFD = 0xFF;
  27   1              TA = 0xAA; //IAPTRG is TA protected
  28   1              TA = 0x55;
  29   1              IAPTRG |= 0x01; //write ¡®1¡¯ to IAPGO to trigger IAP process
  30   1      }
  31          
  32          static void flashDisableAprom(void)
  33          {
  34   1              TA = 0xAA; //IAPUEN is TA protected
  35   1              TA = 0x55;
  36   1              IAPUEN &= ~0x01; //APUEN = 0, disable APROM update
  37   1              TA = 0xAA; //CHPCON is TA protected
  38   1              TA = 0x55;
  39   1              CHPCON &= ~0x01; //IAPEN = 0, disable IAP mode  
  40   1      }
  41          
  42          static void flashWriteBytes(void)
  43          {
  44   1      #if 1
  45   1              uint8_t i = 0;  
  46   1              for(i = 0; i < FLASH_MAX_LEN; i++)
  47   1              {
  48   2                      IAPCN = BYTE_PROGRAM_AP;
  49   2                      IAPAH = FLASH_START_ADDR_H;
  50   2                      IAPAL = FLASH_START_ADDR_L + i;
  51   2                      IAPFD = flash_data[i];
  52   2                      TA = 0XAA;
  53   2                      TA = 0X55;
C51 COMPILER V9.01   FLASH                                                                 07/17/2017 20:56:11 PAGE 2   

  54   2                      IAPTRG |= 0X01;
  55   2              }       
  56   1      #endif
  57   1      }
  58          void flashRead(void)
  59          {
  60   1              unsigned char i = 0;
  61   1              for(i = 0; i < FLASH_MAX_LEN; i++)
  62   1              {
  63   2                      flash_data[i] = *(uint16_t code *)(FLASH_START_ADDR_BASE + i)>>8;
  64   2              }               
  65   1      }
  66          
  67          
  68          void flashWrite(void)
  69          {
  70   1              flashEnableAprom();
  71   1              flashErase();
  72   1              flashWriteBytes();
  73   1              flashDisableAprom();    
  74   1      }
  75          
  76          


MODULE INFORMATION:   STATIC OVERLAYABLE
   CODE SIZE        =    142    ----
   CONSTANT SIZE    =   ----    ----
   XDATA SIZE       =     10    ----
   PDATA SIZE       =   ----    ----
   DATA SIZE        =   ----    ----
   IDATA SIZE       =   ----    ----
   BIT SIZE         =   ----    ----
END OF MODULE INFORMATION.


C51 COMPILATION COMPLETE.  0 WARNING(S),  0 ERROR(S)
