C51 COMPILER V9.01   KEY                                                                   07/18/2017 16:54:16 PAGE 1   


C51 COMPILER V9.01, COMPILATION OF MODULE KEY
OBJECT MODULE PLACED IN key.obj
COMPILER INVOKED BY: F:\Program Files\Keil\C51\BIN\C51.EXE code\key\key.c BROWSE INCDIR(.\code\key;.\code\logic;.\code\t
                    -imer;.\code\driver;.\code\led;.\code\common;.\code\flash;.\code\remote) DEBUG OBJECTEXTEND PRINT(.\key.lst) OBJECT(key.o
                    -bj)

line level    source

   1          #include "key.h"
   2          #include "key_driver.h"
   3          #include "led.h"
   4          #include "logic.h"
   5          #include "remote.h"
   6          
   7          sbit KEY1 = P1^3;
   8          sbit KEY2 = P1^2;
   9          sbit KEY3 = P1^1;
  10          sbit KEY4 = P1^0;
  11          sbit KEY5 = P1^4;
  12          uint8_t h595_val = 0x0f;
  13          
  14          static bool key1_is_press(void)
  15          {
  16   1          if(0 == KEY1)
  17   1          {
  18   2              return true;
  19   2          }
  20   1          return false;
  21   1      }
  22          static bool key2_is_press(void)
  23          {
  24   1          if(0 == KEY2)
  25   1          {
  26   2              return true;
  27   2          }
  28   1          return false;
  29   1      }
  30          static bool key3_is_press(void)
  31          {
  32   1          if(0 == KEY3)
  33   1          {
  34   2              return true;
  35   2          }
  36   1          return false;
  37   1      }
  38          static bool key4_is_press(void)
  39          {
  40   1          if(0 == KEY4)
  41   1          {
  42   2              return true;
  43   2          }
  44   1          return false;
  45   1      }
  46          static bool key5_is_press(void)
  47          {
  48   1          if(0 == KEY5)
  49   1          {
  50   2              return true;
  51   2          }
  52   1          return false;
  53   1      }
C51 COMPILER V9.01   KEY                                                                   07/18/2017 16:54:16 PAGE 2   

  54          
  55          static void key1_short_press(void)
  56          {
  57   1          if(dev_def.remote)
  58   1          {
  59   2              clearIrData();
  60   2              RF_LED = 1;
  61   2              dev_def.remote_channel = 1;
  62   2          }
  63   1          else
  64   1          {
  65   2              if(h595_val | KEY1_595)
  66   2              {
  67   3                  h595_val = h595_val & (~KEY1_595);
  68   3                  SendTo595(h595_val);
  69   3              }
  70   2          }
  71   1      }
  72          static void key2_short_press(void)
  73          {
  74   1          if(dev_def.remote)
  75   1          {
  76   2              clearIrData();
  77   2              RF_LED = 1;
  78   2              dev_def.remote_channel = 2;
  79   2          }
  80   1          else
  81   1          {
  82   2              if(h595_val | KEY2_595)
  83   2              {
  84   3                  h595_val = h595_val & (~KEY2_595);
  85   3                      SendTo595(h595_val);    
  86   3              }
  87   2              }
  88   1      }
  89          static void key3_short_press(void)
  90          {   
  91   1          if(dev_def.remote)
  92   1          {
  93   2              clearIrData();
  94   2              RF_LED = 1;
  95   2              dev_def.remote_channel = 3;
  96   2          }
  97   1          else
  98   1          {
  99   2              if(h595_val | KEY3_595)
 100   2              {
 101   3                      h595_val = h595_val & (~KEY3_595);
 102   3                      SendTo595(h595_val);
 103   3              }
 104   2              }
 105   1      }
 106          static void key4_short_press(void)
 107          {
 108   1          if(dev_def.remote)
 109   1          {
 110   2              clearIrData();
 111   2              RF_LED = 1;
 112   2              dev_def.remote_channel = 4;
 113   2          }
 114   1          else
 115   1          {
C51 COMPILER V9.01   KEY                                                                   07/18/2017 16:54:16 PAGE 3   

 116   2              if(h595_val | KEY4_595)
 117   2              {
 118   3                      h595_val = h595_val & (~KEY4_595);
 119   3                      SendTo595(h595_val);
 120   3              }
 121   2              }
 122   1      }
 123          static void key5_short_up_press(void)
 124          {
 125   1          if(dev_def.remote)
 126   1          {
 127   2              dev_def.remote = false;
 128   2              dev_def.remote_channel = 0;
 129   2              RF_LED = 0;
 130   2              save_mode_flag = true;
 131   2          }
 132   1      }
 133          
 134          static void key1_short_up_press(void)
 135          {
 136   1          if(!dev_def.remote)
 137   1          {
 138   2              if(RELAY1)
 139   2              {
 140   3                  h595_val &= (~RELAY1_595);
 141   3              }
 142   2              else
 143   2              {
 144   3                  if(dev_def.lock)
 145   3                  {
 146   4                      h595_val &= 0x0f;
 147   4                  }
 148   3                  h595_val |= RELAY1_595;
 149   3              }
 150   2              h595_val |= KEY1_595;
 151   2              SendTo595(h595_val);
 152   2              if(dev_def.setting == true)
 153   2              {
 154   3                  dev_def.setting = false;
 155   3                  update_time = 10;
 156   3              }
 157   2              else
 158   2              {
 159   3                  update_time = 5;
 160   3              }
 161   2              dev_def.dev_channel[0].update_flag = true;
 162   2              dev_def.dev_channel[1].update_flag = true;
 163   2              dev_def.dev_channel[2].update_flag = true;
 164   2              dev_def.dev_channel[3].update_flag = true;
 165   2              dev_def.update_local_cnt = 0;
 166   2          }
 167   1          else
 168   1          {
 169   2              RF_LED = 0;
 170   2          }
 171   1      }
 172          static void key2_short_up_press(void)
 173          {
 174   1          if(!dev_def.remote)
 175   1          {
 176   2              if(RELAY2)
 177   2              {
C51 COMPILER V9.01   KEY                                                                   07/18/2017 16:54:16 PAGE 4   

 178   3                  h595_val &= (~RELAY2_595);
 179   3              }
 180   2              else
 181   2              {
 182   3                  if(dev_def.lock)
 183   3                  {
 184   4                      h595_val &= 0x0f;
 185   4                  }
 186   3                  h595_val |= RELAY2_595; 
 187   3              }
 188   2              h595_val |= KEY2_595;
 189   2              SendTo595(h595_val);
 190   2              if(dev_def.setting == true)
 191   2              {
 192   3                  dev_def.setting = false;
 193   3                  update_time = 10;
 194   3              }
 195   2              else
 196   2              {
 197   3                  update_time = 5;
 198   3              }
 199   2              dev_def.dev_channel[0].update_flag = true;
 200   2              dev_def.dev_channel[1].update_flag = true;
 201   2              dev_def.dev_channel[2].update_flag = true;
 202   2              dev_def.dev_channel[3].update_flag = true;
 203   2              dev_def.update_local_cnt = 0;
 204   2          }
 205   1          else
 206   1          {
 207   2              RF_LED = 0;
 208   2          }
 209   1      }
 210          static void key3_short_up_press(void)
 211          {
 212   1          if(!dev_def.remote)
 213   1          {
 214   2              if(RELAY3)
 215   2              {
 216   3                  h595_val &= (~RELAY3_595);
 217   3              }
 218   2              else
 219   2              {
 220   3                  if(dev_def.lock)
 221   3                  {
 222   4                      h595_val &= 0x0f;
 223   4                  }
 224   3                  h595_val |= RELAY3_595;
 225   3                  
 226   3              }
 227   2              h595_val |= KEY3_595;
 228   2              SendTo595(h595_val);
 229   2              if(dev_def.setting == true)
 230   2              {
 231   3                  dev_def.setting = false;
 232   3                  update_time = 10;
 233   3              }
 234   2              else
 235   2              {
 236   3                  update_time = 5;
 237   3              }
 238   2              dev_def.dev_channel[0].update_flag = true;
 239   2              dev_def.dev_channel[1].update_flag = true;
C51 COMPILER V9.01   KEY                                                                   07/18/2017 16:54:16 PAGE 5   

 240   2              dev_def.dev_channel[2].update_flag = true;
 241   2              dev_def.dev_channel[3].update_flag = true;
 242   2              dev_def.update_local_cnt = 0;
 243   2          }
 244   1          else
 245   1          {
 246   2              RF_LED = 0;
 247   2          }
 248   1      }
 249          static void key4_short_up_press(void)
 250          {
 251   1          if(!dev_def.remote)
 252   1          {
 253   2              if(RELAY4)
 254   2              {
 255   3                  h595_val &= (~RELAY4_595);
 256   3                  
 257   3              }
 258   2              else
 259   2              {
 260   3                  if(dev_def.lock)
 261   3                  {
 262   4                      h595_val &= 0x0f;
 263   4                  }
 264   3                  h595_val |= RELAY4_595;
 265   3              }
 266   2              h595_val |= KEY4_595;
 267   2              SendTo595(h595_val);
 268   2              if(dev_def.setting == true)
 269   2              {
 270   3                  dev_def.setting = false;
 271   3                  update_time = 10;
 272   3              }
 273   2              else
 274   2              {
 275   3                  update_time = 5;
 276   3              }
 277   2              dev_def.dev_channel[0].update_flag = true;
 278   2              dev_def.dev_channel[1].update_flag = true;
 279   2              dev_def.dev_channel[2].update_flag = true;
 280   2              dev_def.dev_channel[3].update_flag = true;
 281   2              dev_def.update_local_cnt = 0;
 282   2          }
 283   1          else
 284   1          {
 285   2              RF_LED = 0;
 286   2          }
 287   1      }
 288          static void key5_long_press(void)
 289          {
 290   1          if(dev_def.remote)
 291   1          {
 292   2              dev_def.remote = false;
 293   2              dev_def.remote_channel = 0;
 294   2              RF_LED = 0;
 295   2              save_mode_flag = true;
 296   2          }
 297   1          else
 298   1          {
 299   2              dev_def.remote = true;
 300   2              dev_def.remote_channel = 0;
 301   2              RF_LED = 0;
C51 COMPILER V9.01   KEY                                                                   07/18/2017 16:54:16 PAGE 6   

 302   2          }
 303   1      }
 304          static void key1_long_press(void)
 305          {
 306   1          if(dev_def.remote)
 307   1          {
 308   2              dev_def.dev_channel[0].remote_val = 0;
 309   2              RF_LED = 0;
 310   2          }
 311   1      }
 312          static void key2_long_press(void)
 313          {
 314   1          if(dev_def.remote)
 315   1          {
 316   2              dev_def.dev_channel[1].remote_val = 0;
 317   2              RF_LED = 0;
 318   2          }
 319   1      }
 320          static void key3_long_press(void)
 321          {
 322   1          if(dev_def.remote)
 323   1          {
 324   2              dev_def.dev_channel[2].remote_val = 0;
 325   2              RF_LED = 0;
 326   2          }
 327   1      }
 328          static void key4_long_press(void)
 329          {
 330   1          if(dev_def.remote)
 331   1          {
 332   2              dev_def.dev_channel[3].remote_val = 0;
 333   2              RF_LED = 0;
 334   2          }
 335   1      }
 336          static void key1_long_up_press(void)
 337          {
 338   1          if(!dev_def.remote)
 339   1          {
 340   2              h595_val |= KEY1_595;
 341   2              update_time = 10;
 342   2              dev_def.setting = true;
 343   2              SendTo595(h595_val);
 344   2          }
 345   1      }
 346          static void key2_long_up_press(void)
 347          {
 348   1          if(!dev_def.remote)
 349   1          {
 350   2              h595_val |= KEY2_595;
 351   2              update_time = 10;
 352   2              dev_def.setting = true;
 353   2              SendTo595(h595_val);
 354   2              }
 355   1      }
 356          static void key3_long_up_press(void)
 357          {
 358   1          if(!dev_def.remote)
 359   1          {
 360   2              h595_val |= KEY3_595;
 361   2              update_time = 10;
 362   2              dev_def.setting = true;
 363   2              SendTo595(h595_val);
C51 COMPILER V9.01   KEY                                                                   07/18/2017 16:54:16 PAGE 7   

 364   2              }
 365   1      }
 366          static void key4_long_up_press(void)
 367          {
 368   1          if(!dev_def.remote)
 369   1          {
 370   2              h595_val |= KEY4_595;
 371   2              update_time = 10;
 372   2              dev_def.setting = true;
 373   2              SendTo595(h595_val);
 374   2              }
 375   1      }
 376          static void key1_twice_press(void)
 377          {
 378   1          if(dev_def.dev_channel[0].channel_mode == DEV_JOGGING)
 379   1          {
 380   2              dev_def.dev_channel[0].channel_mode = DEV_SELFLOCK;
 381   2          }
 382   1          else
 383   1          {
 384   2              dev_def.dev_channel[0].channel_mode = DEV_JOGGING;
 385   2          }
 386   1          dev_def.dev_channel[0].update_flag = true; 
 387   1          dev_def.update_local_cnt = 0;
 388   1          save_mode_flag = true;
 389   1      }
 390          static void key2_twice_press(void)
 391          {
 392   1          if(dev_def.dev_channel[1].channel_mode == DEV_JOGGING)
 393   1          {
 394   2              dev_def.dev_channel[1].channel_mode = DEV_SELFLOCK;
 395   2          }
 396   1          else
 397   1          {
 398   2              dev_def.dev_channel[1].channel_mode = DEV_JOGGING;
 399   2          }
 400   1          dev_def.dev_channel[1].update_flag = true; 
 401   1          dev_def.update_local_cnt = 0;
 402   1          save_mode_flag = true;
 403   1      }
 404          static void key3_twice_press(void)
 405          {
 406   1          if(dev_def.dev_channel[2].channel_mode == DEV_JOGGING)
 407   1          {
 408   2              dev_def.dev_channel[2].channel_mode = DEV_SELFLOCK;
 409   2          }
 410   1          else
 411   1          {
 412   2              dev_def.dev_channel[2].channel_mode = DEV_JOGGING;
 413   2          }
 414   1          dev_def.dev_channel[2].update_flag = true; 
 415   1          dev_def.update_local_cnt = 0;
 416   1          save_mode_flag = true;
 417   1      }
 418          static void key4_twice_press(void)
 419          {
 420   1          if(dev_def.dev_channel[3].channel_mode == DEV_JOGGING)
 421   1          {
 422   2              dev_def.dev_channel[3].channel_mode = DEV_SELFLOCK;
 423   2          }
 424   1          else
 425   1          {
C51 COMPILER V9.01   KEY                                                                   07/18/2017 16:54:16 PAGE 8   

 426   2              dev_def.dev_channel[3].channel_mode = DEV_JOGGING;
 427   2          }
 428   1          dev_def.dev_channel[3].update_flag = true; 
 429   1          dev_def.update_local_cnt = 0;
 430   1          save_mode_flag = true;
 431   1      }
 432          static void key5_twice_press(void)
 433          {
 434   1          if(dev_def.lock == false)
 435   1          {
 436   2              dev_def.lock = true;
 437   2              MODE_LED = 1;
 438   2          }
 439   1          else
 440   1          {
 441   2              dev_def.lock = false;
 442   2              MODE_LED = 0;
 443   2          }
 444   1          h595_val &= 0x0f;
 445   1          SendTo595(h595_val);
 446   1          dev_def.dev_channel[0].update_flag = true;
 447   1          dev_def.dev_channel[1].update_flag = true;
 448   1          dev_def.dev_channel[2].update_flag = true;
 449   1          dev_def.dev_channel[3].update_flag = true;
 450   1          dev_def.update_local_cnt = 0;
 451   1          save_mode_flag = true;
 452   1      }
 453          static void registerKeys(void)
 454          {
 455   1          keyRegisterSingle(key1_is_press,key1_short_press,key1_short_up_press,key1_long_press,key1_long_up_pres
             -s,key1_twice_press);
 456   1          keyRegisterSingle(key2_is_press,key2_short_press,key2_short_up_press,key2_long_press,key2_long_up_pres
             -s,key2_twice_press);
 457   1          keyRegisterSingle(key3_is_press,key3_short_press,key3_short_up_press,key3_long_press,key3_long_up_pres
             -s,key3_twice_press);
 458   1          keyRegisterSingle(key4_is_press,key4_short_press,key4_short_up_press,key4_long_press,key4_long_up_pres
             -s,key4_twice_press);
 459   1          keyRegisterSingle(key5_is_press,NULL,key5_short_up_press,key5_long_press,NULL,key5_twice_press);
 460   1      }
 461          void keyInit(void)
 462          {
 463   1              P1M1 |= 0x1f;//初始化P10 -> P14为输入
 464   1              P1M2 &= 0Xe0;
 465   1              registerKeys();
 466   1      }


MODULE INFORMATION:   STATIC OVERLAYABLE
   CODE SIZE        =   1168    ----
   CONSTANT SIZE    =   ----    ----
   XDATA SIZE       =   ----    ----
   PDATA SIZE       =   ----    ----
   DATA SIZE        =      1    ----
   IDATA SIZE       =   ----    ----
   BIT SIZE         =   ----    ----
END OF MODULE INFORMATION.


C51 COMPILATION COMPLETE.  0 WARNING(S),  0 ERROR(S)
