C51 COMPILER V9.01   KEY                                                                   07/02/2017 15:00:13 PAGE 1   


C51 COMPILER V9.01, COMPILATION OF MODULE KEY
OBJECT MODULE PLACED IN key.obj
COMPILER INVOKED BY: F:\Program Files\Keil\C51\BIN\C51.EXE code\key\key.c BROWSE INCDIR(.\code\key;.\code\logic;.\code\t
                    -imer;.\code\driver;.\code\led;.\code\common) DEBUG OBJECTEXTEND PRINT(.\key.lst) OBJECT(key.obj)

line level    source

   1          #include "key.h"
   2          #include "key_driver.h"
   3          #include "led.h"
   4          #include "logic.h"
   5          
   6          sbit KEY1 = P1^3;
   7          sbit KEY2 = P1^2;
   8          sbit KEY3 = P1^1;
   9          sbit KEY4 = P1^0;
  10          sbit KEY5 = P1^4;
  11          uint8_t h595_val = 0x0f;
  12          
  13          static bool key1_is_press(void)
  14          {
  15   1          if(0 == KEY1)
  16   1          {
  17   2              return true;
  18   2          }
  19   1          return false;
  20   1      }
  21          static bool key2_is_press(void)
  22          {
  23   1          if(0 == KEY2)
  24   1          {
  25   2              return true;
  26   2          }
  27   1          return false;
  28   1      }
  29          static bool key3_is_press(void)
  30          {
  31   1          if(0 == KEY3)
  32   1          {
  33   2              return true;
  34   2          }
  35   1          return false;
  36   1      }
  37          static bool key4_is_press(void)
  38          {
  39   1          if(0 == KEY4)
  40   1          {
  41   2              return true;
  42   2          }
  43   1          return false;
  44   1      }
  45          static bool key5_is_press(void)
  46          {
  47   1          if(0 == KEY5)
  48   1          {
  49   2              return true;
  50   2          }
  51   1          return false;
  52   1      }
  53          
  54          static void key1_short_press(void)
C51 COMPILER V9.01   KEY                                                                   07/02/2017 15:00:13 PAGE 2   

  55          {
  56   1          if(h595_val | KEY1_595)
  57   1          {
  58   2              h595_val = h595_val & (~KEY1_595);
  59   2              jogging_cnt = 0;
  60   2                  SendTo595(h595_val);
  61   2          }
  62   1      }
  63          static void key2_short_press(void)
  64          {
  65   1          if(h595_val | KEY2_595)
  66   1          {
  67   2              h595_val = h595_val & (~KEY2_595);
  68   2              jogging_cnt = 0;
  69   2              SendTo595(h595_val);
  70   2              }
  71   1      }
  72          static void key3_short_press(void)
  73          {
  74   1          if(h595_val | KEY3_595)
  75   1          {
  76   2              h595_val = h595_val & (~KEY3_595);
  77   2              jogging_cnt = 0;
  78   2              SendTo595(h595_val);
  79   2              }
  80   1      }
  81          static void key4_short_press(void)
  82          {
  83   1          if(h595_val | KEY4_595)
  84   1          {
  85   2              h595_val = h595_val & (~KEY4_595);
  86   2              jogging_cnt = 0;
  87   2              SendTo595(h595_val);
  88   2              }
  89   1      }
  90          static void key5_short_press(void)
  91          {
  92   1          
  93   1      }
  94          static void key1_short_up_press(void)
  95          {
  96   1          if(!(h595_val & KEY1_595))
  97   1          {
  98   2              if(RELAY1)
  99   2              {
 100   3                  h595_val &= (~RELAY1_595);
 101   3                  h595_val |= KEY1_595;
 102   3              }
 103   2              else
 104   2              {
 105   3                  h595_val |= (KEY1_595 | RELAY1_595); 
 106   3              }
 107   2              jogging_cnt = 0;
 108   2              SendTo595(h595_val);
 109   2          }
 110   1      }
 111          static void key2_short_up_press(void)
 112          {
 113   1              if(RELAY2)
 114   1          {
 115   2              h595_val &= (~RELAY2_595);
 116   2              h595_val |= KEY2_595;
C51 COMPILER V9.01   KEY                                                                   07/02/2017 15:00:13 PAGE 3   

 117   2          }
 118   1          else
 119   1          {
 120   2              h595_val |= (KEY2_595 | RELAY2_595); 
 121   2          }
 122   1          jogging_cnt = 0;
 123   1          SendTo595(h595_val);
 124   1      }
 125          static void key3_short_up_press(void)
 126          {
 127   1              if(RELAY3)
 128   1          {
 129   2              h595_val &= (~RELAY3_595);
 130   2              h595_val |= KEY3_595;
 131   2          }
 132   1          else
 133   1          {
 134   2              h595_val |= (KEY3_595 | RELAY3_595); 
 135   2          }
 136   1          jogging_cnt = 0;
 137   1          SendTo595(h595_val);
 138   1      }
 139          static void key4_short_up_press(void)
 140          {
 141   1              if(RELAY4)
 142   1          {
 143   2              h595_val &= (~RELAY4_595);
 144   2              h595_val |= KEY4_595;
 145   2          }
 146   1          else
 147   1          {
 148   2              h595_val |= (KEY4_595 | RELAY4_595); 
 149   2          }
 150   1          jogging_cnt = 0;
 151   1          SendTo595(h595_val);
 152   1      }
 153          static void registerKeys(void)
 154          {
 155   1          keyRegisterSingle(key1_is_press,key1_short_press,key1_short_up_press,NULL,NULL,NULL);
 156   1          keyRegisterSingle(key2_is_press,key2_short_press,key2_short_up_press,NULL,NULL,NULL);
 157   1          keyRegisterSingle(key3_is_press,key3_short_press,key3_short_up_press,NULL,NULL,NULL);
 158   1          keyRegisterSingle(key4_is_press,key4_short_press,key4_short_up_press,NULL,NULL,NULL);
 159   1          keyRegisterSingle(key5_is_press,key5_short_press,NULL,NULL,NULL,NULL);
 160   1      }
 161          void keyInit(void)
 162          {
 163   1              P1M1 |= 0x1f;//初始化P10 -> P14为输入
 164   1              P1M2 &= 0Xe0;
 165   1              registerKeys();
 166   1      }


MODULE INFORMATION:   STATIC OVERLAYABLE
   CODE SIZE        =    507    ----
   CONSTANT SIZE    =   ----    ----
   XDATA SIZE       =   ----    ----
   PDATA SIZE       =   ----    ----
   DATA SIZE        =      1    ----
   IDATA SIZE       =   ----    ----
   BIT SIZE         =   ----    ----
END OF MODULE INFORMATION.


C51 COMPILATION COMPLETE.  0 WARNING(S),  0 ERROR(S)
