C51 COMPILER V9.01   MAIN                                                                  07/03/2017 19:39:55 PAGE 1   


C51 COMPILER V9.01, COMPILATION OF MODULE MAIN
OBJECT MODULE PLACED IN main.obj
COMPILER INVOKED BY: F:\Program Files\Keil\C51\BIN\C51.EXE code\sant4ch\main.c BROWSE INCDIR(.\code\key;.\code\logic;.\c
                    -ode\timer;.\code\driver;.\code\led;.\code\common) DEBUG OBJECTEXTEND PRINT(.\main.lst) OBJECT(main.obj)

line level    source

   1          #include <stdio.h>
   2          #include "logic.h"
   3          
   4          void main(void)
   5          {
   6   1              logicInit();
   7   1              while(1)
   8   1              {
   9   2              dealLogic();
  10   2              }
  11   1      }


MODULE INFORMATION:   STATIC OVERLAYABLE
   CODE SIZE        =      8    ----
   CONSTANT SIZE    =   ----    ----
   XDATA SIZE       =   ----    ----
   PDATA SIZE       =   ----    ----
   DATA SIZE        =   ----    ----
   IDATA SIZE       =   ----    ----
   BIT SIZE         =   ----    ----
END OF MODULE INFORMATION.


C51 COMPILATION COMPLETE.  0 WARNING(S),  0 ERROR(S)
